2026-10-04 16:12:41.742 UTC [5140] LOG:  starting PostgreSQL 16.14 (Ubuntu 16.14-0ubuntu0.24.04.1) on x86_64-pc-linux-gnu, compiled by gcc (Ubuntu 13.3.0-6ubuntu2~24.04.1) 13.3.0, 64-bit
2026-10-04 16:13:21.393 UTC [5227] LOG:  duration: 0.270 ms  plan:
	{
	  "Query Text": "SELECT grp, count(*)\nFROM t\nWHERE grp < 10\nGROUP BY grp\nORDER BY grp",
	  "Plan": {
	    "Node Type": "Aggregate",
	    "Strategy": "Sorted",
	    "Partial Mode": "Simple",
	    "Parallel Aware": false,
	    "Async Capable": false,
	    "Startup Cost": 0.29,
	    "Total Cost": 74.28,
	    "Plan Rows": 100,
	    "Plan Width": 12,
	    "Actual Startup Time": 0.056,
	    "Actual Total Time": 0.257,
	    "Actual Rows": 10,
	    "Actual Loops": 1,
	    "Group Key": ["grp"],
	    "Shared Hit Blocks": 4,
	    "Shared Read Blocks": 0,
	    "Shared Dirtied Blocks": 0,
	    "Shared Written Blocks": 0,
	    "Local Hit Blocks": 0,
	    "Local Read Blocks": 0,
	    "Local Dirtied Blocks": 0,
	    "Local Written Blocks": 0,
	    "Temp Read Blocks": 0,
	    "Temp Written Blocks": 0,
	    "Plans": [
	      {
	        "Node Type": "Index Only Scan",
	        "Parent Relationship": "Outer",
	        "Parallel Aware": false,
	        "Async Capable": false,
	        "Scan Direction": "Forward",
	        "Index Name": "t_grp_idx",
	        "Relation Name": "t",
	        "Alias": "t",
	        "Startup Cost": 0.29,
	        "Total Cost": 63.28,
	        "Plan Rows": 2000,
	        "Plan Width": 4,
	        "Actual Startup Time": 0.028,
	        "Actual Total Time": 0.134,
	        "Actual Rows": 2000,
	        "Actual Loops": 1,
	        "Index Cond": "(grp < 10)",
	        "Rows Removed by Index Recheck": 0,
	        "Heap Fetches": 0,
	        "Shared Hit Blocks": 4,
	        "Shared Read Blocks": 0,
	        "Shared Dirtied Blocks": 0,
	        "Shared Written Blocks": 0,
	        "Local Hit Blocks": 0,
	        "Local Read Blocks": 0,
	        "Local Dirtied Blocks": 0,
	        "Local Written Blocks": 0,
	        "Temp Read Blocks": 0,
	        "Temp Written Blocks": 0
	      }
	    ]
	  }
	}
