2026-10-06 16:04:11.179 UTC [5394] LOG:  starting PostgreSQL 16.15 (Ubuntu 16.15-0ubuntu0.24.04.1) on x86_64-pc-linux-gnu, compiled by gcc (Ubuntu 13.3.0-6ubuntu2~24.04.1) 13.3.0, 64-bit
2026-10-06 16:04:11.179 UTC [5394] LOG:  listening on IPv4 address "127.0.0.1", port 5433
2026-10-06 16:04:11.180 UTC [5394] LOG:  listening on Unix socket "/tmp/explainsql-pg/.s.PGSQL.5433"
2026-10-06 16:04:11.184 UTC [5398] LOG:  database system was shut down at 2026-10-06 16:04:11 UTC
2026-10-06 16:04:11.193 UTC [5394] LOG:  database system is ready to accept connections
2026-10-06 16:04:12.294 UTC [5403] postgres@shop 6ac51bfc.151b 2/2 LOG:  duration: 1.026 ms  parse <unnamed>: SELECT id, status, created_at FROM orders WHERE customer_id = $1 ORDER BY created_at DESC LIMIT $2 /*action='latest',controller='OrderController',framework='spring',traceparent='00-4bf92f3577b34da6a3ce929d0e0e4736-00f067aa0ba90200-01'*/ 
2026-10-06 16:04:12.294 UTC [5403] postgres@shop 6ac51bfc.151b 2/2 LOG:  duration: 0.669 ms  bind <unnamed>: SELECT id, status, created_at FROM orders WHERE customer_id = $1 ORDER BY created_at DESC LIMIT $2 /*action='latest',controller='OrderController',framework='spring',traceparent='00-4bf92f3577b34da6a3ce929d0e0e4736-00f067aa0ba90200-01'*/ 
2026-10-06 16:04:12.294 UTC [5403] postgres@shop 6ac51bfc.151b 2/2 DETAIL:  parameters: $1 = '4242', $2 = '5'
2026-10-06 16:04:12.325 UTC [5403] postgres@shop 6ac51bfc.151b 2/2 LOG:  duration: 30.724 ms  execute <unnamed>: SELECT id, status, created_at FROM orders WHERE customer_id = $1 ORDER BY created_at DESC LIMIT $2 /*action='latest',controller='OrderController',framework='spring',traceparent='00-4bf92f3577b34da6a3ce929d0e0e4736-00f067aa0ba90200-01'*/ 
2026-10-06 16:04:12.325 UTC [5403] postgres@shop 6ac51bfc.151b 2/2 DETAIL:  parameters: $1 = '4242', $2 = '5'
2026-10-06 16:04:12.326 UTC [5403] postgres@shop 6ac51bfc.151b 2/3 LOG:  duration: 0.181 ms  parse <unnamed>: SELECT id, product_id, quantity FROM order_items WHERE order_id = $1 /*action='latest',controller='OrderController',framework='spring',traceparent='00-4bf92f3577b34da6a3ce929d0e0e4736-00f067aa0ba90201-01'*/ 
2026-10-06 16:04:12.326 UTC [5403] postgres@shop 6ac51bfc.151b 2/3 LOG:  duration: 0.232 ms  bind <unnamed>: SELECT id, product_id, quantity FROM order_items WHERE order_id = $1 /*action='latest',controller='OrderController',framework='spring',traceparent='00-4bf92f3577b34da6a3ce929d0e0e4736-00f067aa0ba90201-01'*/ 
2026-10-06 16:04:12.326 UTC [5403] postgres@shop 6ac51bfc.151b 2/3 DETAIL:  parameters: $1 = '76639'
2026-10-06 16:04:12.359 UTC [5403] postgres@shop 6ac51bfc.151b 2/3 LOG:  duration: 32.493 ms  execute <unnamed>: SELECT id, product_id, quantity FROM order_items WHERE order_id = $1 /*action='latest',controller='OrderController',framework='spring',traceparent='00-4bf92f3577b34da6a3ce929d0e0e4736-00f067aa0ba90201-01'*/ 
2026-10-06 16:04:12.359 UTC [5403] postgres@shop 6ac51bfc.151b 2/3 DETAIL:  parameters: $1 = '76639'
2026-10-06 16:04:12.359 UTC [5403] postgres@shop 6ac51bfc.151b 2/4 LOG:  duration: 0.101 ms  parse <unnamed>: SELECT id, product_id, quantity FROM order_items WHERE order_id = $1 /*action='latest',controller='OrderController',framework='spring',traceparent='00-4bf92f3577b34da6a3ce929d0e0e4736-00f067aa0ba90202-01'*/ 
2026-10-06 16:04:12.359 UTC [5403] postgres@shop 6ac51bfc.151b 2/4 LOG:  duration: 0.085 ms  bind <unnamed>: SELECT id, product_id, quantity FROM order_items WHERE order_id = $1 /*action='latest',controller='OrderController',framework='spring',traceparent='00-4bf92f3577b34da6a3ce929d0e0e4736-00f067aa0ba90202-01'*/ 
2026-10-06 16:04:12.359 UTC [5403] postgres@shop 6ac51bfc.151b 2/4 DETAIL:  parameters: $1 = '176639'
2026-10-06 16:04:12.377 UTC [5403] postgres@shop 6ac51bfc.151b 2/4 LOG:  duration: 17.643 ms  execute <unnamed>: SELECT id, product_id, quantity FROM order_items WHERE order_id = $1 /*action='latest',controller='OrderController',framework='spring',traceparent='00-4bf92f3577b34da6a3ce929d0e0e4736-00f067aa0ba90202-01'*/ 
2026-10-06 16:04:12.377 UTC [5403] postgres@shop 6ac51bfc.151b 2/4 DETAIL:  parameters: $1 = '176639'
2026-10-06 16:04:12.378 UTC [5403] postgres@shop 6ac51bfc.151b 2/5 LOG:  duration: 0.102 ms  parse <unnamed>: SELECT id, product_id, quantity FROM order_items WHERE order_id = $1 /*action='latest',controller='OrderController',framework='spring',traceparent='00-4bf92f3577b34da6a3ce929d0e0e4736-00f067aa0ba90203-01'*/ 
2026-10-06 16:04:12.378 UTC [5403] postgres@shop 6ac51bfc.151b 2/5 LOG:  duration: 0.151 ms  bind <unnamed>: SELECT id, product_id, quantity FROM order_items WHERE order_id = $1 /*action='latest',controller='OrderController',framework='spring',traceparent='00-4bf92f3577b34da6a3ce929d0e0e4736-00f067aa0ba90203-01'*/ 
2026-10-06 16:04:12.378 UTC [5403] postgres@shop 6ac51bfc.151b 2/5 DETAIL:  parameters: $1 = '16639'
2026-10-06 16:04:12.398 UTC [5403] postgres@shop 6ac51bfc.151b 2/5 LOG:  duration: 19.776 ms  execute <unnamed>: SELECT id, product_id, quantity FROM order_items WHERE order_id = $1 /*action='latest',controller='OrderController',framework='spring',traceparent='00-4bf92f3577b34da6a3ce929d0e0e4736-00f067aa0ba90203-01'*/ 
2026-10-06 16:04:12.398 UTC [5403] postgres@shop 6ac51bfc.151b 2/5 DETAIL:  parameters: $1 = '16639'
2026-10-06 16:04:12.398 UTC [5403] postgres@shop 6ac51bfc.151b 2/6 LOG:  duration: 0.117 ms  parse <unnamed>: SELECT id, product_id, quantity FROM order_items WHERE order_id = $1 /*action='latest',controller='OrderController',framework='spring',traceparent='00-4bf92f3577b34da6a3ce929d0e0e4736-00f067aa0ba90204-01'*/ 
2026-10-06 16:04:12.398 UTC [5403] postgres@shop 6ac51bfc.151b 2/6 LOG:  duration: 0.107 ms  bind <unnamed>: SELECT id, product_id, quantity FROM order_items WHERE order_id = $1 /*action='latest',controller='OrderController',framework='spring',traceparent='00-4bf92f3577b34da6a3ce929d0e0e4736-00f067aa0ba90204-01'*/ 
2026-10-06 16:04:12.398 UTC [5403] postgres@shop 6ac51bfc.151b 2/6 DETAIL:  parameters: $1 = '116639'
2026-10-06 16:04:12.423 UTC [5403] postgres@shop 6ac51bfc.151b 2/6 LOG:  duration: 24.420 ms  execute <unnamed>: SELECT id, product_id, quantity FROM order_items WHERE order_id = $1 /*action='latest',controller='OrderController',framework='spring',traceparent='00-4bf92f3577b34da6a3ce929d0e0e4736-00f067aa0ba90204-01'*/ 
2026-10-06 16:04:12.423 UTC [5403] postgres@shop 6ac51bfc.151b 2/6 DETAIL:  parameters: $1 = '116639'
2026-10-06 16:04:12.423 UTC [5403] postgres@shop 6ac51bfc.151b 2/7 LOG:  duration: 0.097 ms  parse <unnamed>: SELECT id, product_id, quantity FROM order_items WHERE order_id = $1 /*action='latest',controller='OrderController',framework='spring',traceparent='00-4bf92f3577b34da6a3ce929d0e0e4736-00f067aa0ba90205-01'*/ 
2026-10-06 16:04:12.423 UTC [5403] postgres@shop 6ac51bfc.151b 2/7 LOG:  duration: 0.086 ms  bind <unnamed>: SELECT id, product_id, quantity FROM order_items WHERE order_id = $1 /*action='latest',controller='OrderController',framework='spring',traceparent='00-4bf92f3577b34da6a3ce929d0e0e4736-00f067aa0ba90205-01'*/ 
2026-10-06 16:04:12.423 UTC [5403] postgres@shop 6ac51bfc.151b 2/7 DETAIL:  parameters: $1 = '56639'
2026-10-06 16:04:12.441 UTC [5403] postgres@shop 6ac51bfc.151b 2/7 LOG:  duration: 18.024 ms  execute <unnamed>: SELECT id, product_id, quantity FROM order_items WHERE order_id = $1 /*action='latest',controller='OrderController',framework='spring',traceparent='00-4bf92f3577b34da6a3ce929d0e0e4736-00f067aa0ba90205-01'*/ 
2026-10-06 16:04:12.441 UTC [5403] postgres@shop 6ac51bfc.151b 2/7 DETAIL:  parameters: $1 = '56639'
2026-10-06 16:04:12.442 UTC [5403] postgres@shop 6ac51bfc.151b 2/8 LOG:  duration: 0.218 ms  parse <unnamed>: SELECT id, name, price FROM products WHERE id = $1 /*action='latest',controller='OrderController',framework='spring',traceparent='00-4bf92f3577b34da6a3ce929d0e0e4736-00f067aa0ba90210-01'*/ 
2026-10-06 16:04:12.442 UTC [5403] postgres@shop 6ac51bfc.151b 2/8 LOG:  duration: 0.213 ms  bind <unnamed>: SELECT id, name, price FROM products WHERE id = $1 /*action='latest',controller='OrderController',framework='spring',traceparent='00-4bf92f3577b34da6a3ce929d0e0e4736-00f067aa0ba90210-01'*/ 
2026-10-06 16:04:12.442 UTC [5403] postgres@shop 6ac51bfc.151b 2/8 DETAIL:  parameters: $1 = '1308'
2026-10-06 16:04:12.442 UTC [5403] postgres@shop 6ac51bfc.151b 2/8 LOG:  duration: 0.050 ms  execute <unnamed>: SELECT id, name, price FROM products WHERE id = $1 /*action='latest',controller='OrderController',framework='spring',traceparent='00-4bf92f3577b34da6a3ce929d0e0e4736-00f067aa0ba90210-01'*/ 
2026-10-06 16:04:12.442 UTC [5403] postgres@shop 6ac51bfc.151b 2/8 DETAIL:  parameters: $1 = '1308'
2026-10-06 16:04:12.443 UTC [5403] postgres@shop 6ac51bfc.151b 2/9 LOG:  duration: 0.081 ms  parse <unnamed>: SELECT id, name, price FROM products WHERE id = $1 /*action='latest',controller='OrderController',framework='spring',traceparent='00-4bf92f3577b34da6a3ce929d0e0e4736-00f067aa0ba90211-01'*/ 
2026-10-06 16:04:12.443 UTC [5403] postgres@shop 6ac51bfc.151b 2/9 LOG:  duration: 0.054 ms  bind <unnamed>: SELECT id, name, price FROM products WHERE id = $1 /*action='latest',controller='OrderController',framework='spring',traceparent='00-4bf92f3577b34da6a3ce929d0e0e4736-00f067aa0ba90211-01'*/ 
2026-10-06 16:04:12.443 UTC [5403] postgres@shop 6ac51bfc.151b 2/9 DETAIL:  parameters: $1 = '1308'
2026-10-06 16:04:12.443 UTC [5403] postgres@shop 6ac51bfc.151b 2/9 LOG:  duration: 0.016 ms  execute <unnamed>: SELECT id, name, price FROM products WHERE id = $1 /*action='latest',controller='OrderController',framework='spring',traceparent='00-4bf92f3577b34da6a3ce929d0e0e4736-00f067aa0ba90211-01'*/ 
2026-10-06 16:04:12.443 UTC [5403] postgres@shop 6ac51bfc.151b 2/9 DETAIL:  parameters: $1 = '1308'
2026-10-06 16:04:12.443 UTC [5403] postgres@shop 6ac51bfc.151b 2/10 LOG:  duration: 0.041 ms  parse <unnamed>: SELECT id, name, price FROM products WHERE id = $1 /*action='latest',controller='OrderController',framework='spring',traceparent='00-4bf92f3577b34da6a3ce929d0e0e4736-00f067aa0ba90212-01'*/ 
2026-10-06 16:04:12.443 UTC [5403] postgres@shop 6ac51bfc.151b 2/10 LOG:  duration: 0.044 ms  bind <unnamed>: SELECT id, name, price FROM products WHERE id = $1 /*action='latest',controller='OrderController',framework='spring',traceparent='00-4bf92f3577b34da6a3ce929d0e0e4736-00f067aa0ba90212-01'*/ 
2026-10-06 16:04:12.443 UTC [5403] postgres@shop 6ac51bfc.151b 2/10 DETAIL:  parameters: $1 = '1308'
2026-10-06 16:04:12.443 UTC [5403] postgres@shop 6ac51bfc.151b 2/10 LOG:  duration: 0.013 ms  execute <unnamed>: SELECT id, name, price FROM products WHERE id = $1 /*action='latest',controller='OrderController',framework='spring',traceparent='00-4bf92f3577b34da6a3ce929d0e0e4736-00f067aa0ba90212-01'*/ 
2026-10-06 16:04:12.443 UTC [5403] postgres@shop 6ac51bfc.151b 2/10 DETAIL:  parameters: $1 = '1308'
2026-10-06 16:04:12.748 UTC [5403] postgres@shop 6ac51bfc.151b 2/11 LOG:  duration: 0.204 ms  parse <unnamed>: SELECT id, status, created_at FROM orders WHERE customer_id = $1 ORDER BY created_at DESC LIMIT $2 /*action='latest',controller='OrderController',framework='spring',traceparent='00-0af7651916cd43dd8448eb211c80319c-00f067aa0ba90300-01'*/ 
2026-10-06 16:04:12.748 UTC [5403] postgres@shop 6ac51bfc.151b 2/11 LOG:  duration: 0.166 ms  bind <unnamed>: SELECT id, status, created_at FROM orders WHERE customer_id = $1 ORDER BY created_at DESC LIMIT $2 /*action='latest',controller='OrderController',framework='spring',traceparent='00-0af7651916cd43dd8448eb211c80319c-00f067aa0ba90300-01'*/ 
2026-10-06 16:04:12.748 UTC [5403] postgres@shop 6ac51bfc.151b 2/11 DETAIL:  parameters: $1 = '777', $2 = '5'
2026-10-06 16:04:12.764 UTC [5403] postgres@shop 6ac51bfc.151b 2/11 LOG:  duration: 15.139 ms  execute <unnamed>: SELECT id, status, created_at FROM orders WHERE customer_id = $1 ORDER BY created_at DESC LIMIT $2 /*action='latest',controller='OrderController',framework='spring',traceparent='00-0af7651916cd43dd8448eb211c80319c-00f067aa0ba90300-01'*/ 
2026-10-06 16:04:12.764 UTC [5403] postgres@shop 6ac51bfc.151b 2/11 DETAIL:  parameters: $1 = '777', $2 = '5'
2026-10-06 16:04:12.764 UTC [5403] postgres@shop 6ac51bfc.151b 2/12 LOG:  duration: 0.125 ms  parse <unnamed>: SELECT id, product_id, quantity FROM order_items WHERE order_id = $1 /*action='latest',controller='OrderController',framework='spring',traceparent='00-0af7651916cd43dd8448eb211c80319c-00f067aa0ba90301-01'*/ 
2026-10-06 16:04:12.764 UTC [5403] postgres@shop 6ac51bfc.151b 2/12 LOG:  duration: 0.090 ms  bind <unnamed>: SELECT id, product_id, quantity FROM order_items WHERE order_id = $1 /*action='latest',controller='OrderController',framework='spring',traceparent='00-0af7651916cd43dd8448eb211c80319c-00f067aa0ba90301-01'*/ 
2026-10-06 16:04:12.764 UTC [5403] postgres@shop 6ac51bfc.151b 2/12 DETAIL:  parameters: $1 = '18904'
2026-10-06 16:04:12.785 UTC [5403] postgres@shop 6ac51bfc.151b 2/12 LOG:  duration: 20.706 ms  execute <unnamed>: SELECT id, product_id, quantity FROM order_items WHERE order_id = $1 /*action='latest',controller='OrderController',framework='spring',traceparent='00-0af7651916cd43dd8448eb211c80319c-00f067aa0ba90301-01'*/ 
2026-10-06 16:04:12.785 UTC [5403] postgres@shop 6ac51bfc.151b 2/12 DETAIL:  parameters: $1 = '18904'
2026-10-06 16:04:12.786 UTC [5403] postgres@shop 6ac51bfc.151b 2/13 LOG:  duration: 0.151 ms  parse <unnamed>: SELECT id, product_id, quantity FROM order_items WHERE order_id = $1 /*action='latest',controller='OrderController',framework='spring',traceparent='00-0af7651916cd43dd8448eb211c80319c-00f067aa0ba90302-01'*/ 
2026-10-06 16:04:12.786 UTC [5403] postgres@shop 6ac51bfc.151b 2/13 LOG:  duration: 0.089 ms  bind <unnamed>: SELECT id, product_id, quantity FROM order_items WHERE order_id = $1 /*action='latest',controller='OrderController',framework='spring',traceparent='00-0af7651916cd43dd8448eb211c80319c-00f067aa0ba90302-01'*/ 
2026-10-06 16:04:12.786 UTC [5403] postgres@shop 6ac51bfc.151b 2/13 DETAIL:  parameters: $1 = '118904'
2026-10-06 16:04:12.815 UTC [5403] postgres@shop 6ac51bfc.151b 2/13 LOG:  duration: 29.485 ms  execute <unnamed>: SELECT id, product_id, quantity FROM order_items WHERE order_id = $1 /*action='latest',controller='OrderController',framework='spring',traceparent='00-0af7651916cd43dd8448eb211c80319c-00f067aa0ba90302-01'*/ 
2026-10-06 16:04:12.815 UTC [5403] postgres@shop 6ac51bfc.151b 2/13 DETAIL:  parameters: $1 = '118904'
2026-10-06 16:04:12.816 UTC [5403] postgres@shop 6ac51bfc.151b 2/14 LOG:  duration: 0.149 ms  parse <unnamed>: SELECT id, product_id, quantity FROM order_items WHERE order_id = $1 /*action='latest',controller='OrderController',framework='spring',traceparent='00-0af7651916cd43dd8448eb211c80319c-00f067aa0ba90303-01'*/ 
2026-10-06 16:04:12.816 UTC [5403] postgres@shop 6ac51bfc.151b 2/14 LOG:  duration: 0.143 ms  bind <unnamed>: SELECT id, product_id, quantity FROM order_items WHERE order_id = $1 /*action='latest',controller='OrderController',framework='spring',traceparent='00-0af7651916cd43dd8448eb211c80319c-00f067aa0ba90303-01'*/ 
2026-10-06 16:04:12.816 UTC [5403] postgres@shop 6ac51bfc.151b 2/14 DETAIL:  parameters: $1 = '58904'
2026-10-06 16:04:12.840 UTC [5403] postgres@shop 6ac51bfc.151b 2/14 LOG:  duration: 24.095 ms  execute <unnamed>: SELECT id, product_id, quantity FROM order_items WHERE order_id = $1 /*action='latest',controller='OrderController',framework='spring',traceparent='00-0af7651916cd43dd8448eb211c80319c-00f067aa0ba90303-01'*/ 
2026-10-06 16:04:12.840 UTC [5403] postgres@shop 6ac51bfc.151b 2/14 DETAIL:  parameters: $1 = '58904'
2026-10-06 16:04:12.841 UTC [5403] postgres@shop 6ac51bfc.151b 2/15 LOG:  duration: 0.105 ms  parse <unnamed>: SELECT id, product_id, quantity FROM order_items WHERE order_id = $1 /*action='latest',controller='OrderController',framework='spring',traceparent='00-0af7651916cd43dd8448eb211c80319c-00f067aa0ba90304-01'*/ 
2026-10-06 16:04:12.841 UTC [5403] postgres@shop 6ac51bfc.151b 2/15 LOG:  duration: 0.094 ms  bind <unnamed>: SELECT id, product_id, quantity FROM order_items WHERE order_id = $1 /*action='latest',controller='OrderController',framework='spring',traceparent='00-0af7651916cd43dd8448eb211c80319c-00f067aa0ba90304-01'*/ 
2026-10-06 16:04:12.841 UTC [5403] postgres@shop 6ac51bfc.151b 2/15 DETAIL:  parameters: $1 = '158904'
2026-10-06 16:04:12.859 UTC [5403] postgres@shop 6ac51bfc.151b 2/15 LOG:  duration: 17.464 ms  execute <unnamed>: SELECT id, product_id, quantity FROM order_items WHERE order_id = $1 /*action='latest',controller='OrderController',framework='spring',traceparent='00-0af7651916cd43dd8448eb211c80319c-00f067aa0ba90304-01'*/ 
2026-10-06 16:04:12.859 UTC [5403] postgres@shop 6ac51bfc.151b 2/15 DETAIL:  parameters: $1 = '158904'
2026-10-06 16:04:12.859 UTC [5403] postgres@shop 6ac51bfc.151b 2/16 LOG:  duration: 0.108 ms  parse <unnamed>: SELECT id, product_id, quantity FROM order_items WHERE order_id = $1 /*action='latest',controller='OrderController',framework='spring',traceparent='00-0af7651916cd43dd8448eb211c80319c-00f067aa0ba90305-01'*/ 
2026-10-06 16:04:12.859 UTC [5403] postgres@shop 6ac51bfc.151b 2/16 LOG:  duration: 0.103 ms  bind <unnamed>: SELECT id, product_id, quantity FROM order_items WHERE order_id = $1 /*action='latest',controller='OrderController',framework='spring',traceparent='00-0af7651916cd43dd8448eb211c80319c-00f067aa0ba90305-01'*/ 
2026-10-06 16:04:12.859 UTC [5403] postgres@shop 6ac51bfc.151b 2/16 DETAIL:  parameters: $1 = '98904'
2026-10-06 16:04:12.877 UTC [5403] postgres@shop 6ac51bfc.151b 2/16 LOG:  duration: 17.579 ms  execute <unnamed>: SELECT id, product_id, quantity FROM order_items WHERE order_id = $1 /*action='latest',controller='OrderController',framework='spring',traceparent='00-0af7651916cd43dd8448eb211c80319c-00f067aa0ba90305-01'*/ 
2026-10-06 16:04:12.877 UTC [5403] postgres@shop 6ac51bfc.151b 2/16 DETAIL:  parameters: $1 = '98904'
2026-10-06 16:04:12.878 UTC [5403] postgres@shop 6ac51bfc.151b 2/17 LOG:  duration: 0.104 ms  parse <unnamed>: SELECT id, name, price FROM products WHERE id = $1 /*action='latest',controller='OrderController',framework='spring',traceparent='00-0af7651916cd43dd8448eb211c80319c-00f067aa0ba90310-01'*/ 
2026-10-06 16:04:12.878 UTC [5403] postgres@shop 6ac51bfc.151b 2/17 LOG:  duration: 0.104 ms  bind <unnamed>: SELECT id, name, price FROM products WHERE id = $1 /*action='latest',controller='OrderController',framework='spring',traceparent='00-0af7651916cd43dd8448eb211c80319c-00f067aa0ba90310-01'*/ 
2026-10-06 16:04:12.878 UTC [5403] postgres@shop 6ac51bfc.151b 2/17 DETAIL:  parameters: $1 = '753'
2026-10-06 16:04:12.878 UTC [5403] postgres@shop 6ac51bfc.151b 2/17 LOG:  duration: 0.091 ms  execute <unnamed>: SELECT id, name, price FROM products WHERE id = $1 /*action='latest',controller='OrderController',framework='spring',traceparent='00-0af7651916cd43dd8448eb211c80319c-00f067aa0ba90310-01'*/ 
2026-10-06 16:04:12.878 UTC [5403] postgres@shop 6ac51bfc.151b 2/17 DETAIL:  parameters: $1 = '753'
2026-10-06 16:04:12.878 UTC [5403] postgres@shop 6ac51bfc.151b 2/18 LOG:  duration: 0.064 ms  parse <unnamed>: SELECT id, name, price FROM products WHERE id = $1 /*action='latest',controller='OrderController',framework='spring',traceparent='00-0af7651916cd43dd8448eb211c80319c-00f067aa0ba90311-01'*/ 
2026-10-06 16:04:12.878 UTC [5403] postgres@shop 6ac51bfc.151b 2/18 LOG:  duration: 0.058 ms  bind <unnamed>: SELECT id, name, price FROM products WHERE id = $1 /*action='latest',controller='OrderController',framework='spring',traceparent='00-0af7651916cd43dd8448eb211c80319c-00f067aa0ba90311-01'*/ 
2026-10-06 16:04:12.878 UTC [5403] postgres@shop 6ac51bfc.151b 2/18 DETAIL:  parameters: $1 = '753'
2026-10-06 16:04:12.879 UTC [5403] postgres@shop 6ac51bfc.151b 2/18 LOG:  duration: 0.016 ms  execute <unnamed>: SELECT id, name, price FROM products WHERE id = $1 /*action='latest',controller='OrderController',framework='spring',traceparent='00-0af7651916cd43dd8448eb211c80319c-00f067aa0ba90311-01'*/ 
2026-10-06 16:04:12.879 UTC [5403] postgres@shop 6ac51bfc.151b 2/18 DETAIL:  parameters: $1 = '753'
2026-10-06 16:04:12.879 UTC [5403] postgres@shop 6ac51bfc.151b 2/19 LOG:  duration: 0.044 ms  parse <unnamed>: SELECT id, name, price FROM products WHERE id = $1 /*action='latest',controller='OrderController',framework='spring',traceparent='00-0af7651916cd43dd8448eb211c80319c-00f067aa0ba90312-01'*/ 
2026-10-06 16:04:12.879 UTC [5403] postgres@shop 6ac51bfc.151b 2/19 LOG:  duration: 0.047 ms  bind <unnamed>: SELECT id, name, price FROM products WHERE id = $1 /*action='latest',controller='OrderController',framework='spring',traceparent='00-0af7651916cd43dd8448eb211c80319c-00f067aa0ba90312-01'*/ 
2026-10-06 16:04:12.879 UTC [5403] postgres@shop 6ac51bfc.151b 2/19 DETAIL:  parameters: $1 = '753'
2026-10-06 16:04:12.879 UTC [5403] postgres@shop 6ac51bfc.151b 2/19 LOG:  duration: 0.014 ms  execute <unnamed>: SELECT id, name, price FROM products WHERE id = $1 /*action='latest',controller='OrderController',framework='spring',traceparent='00-0af7651916cd43dd8448eb211c80319c-00f067aa0ba90312-01'*/ 
2026-10-06 16:04:12.879 UTC [5403] postgres@shop 6ac51bfc.151b 2/19 DETAIL:  parameters: $1 = '753'
2026-10-06 16:04:13.184 UTC [5403] postgres@shop 6ac51bfc.151b 2/20 LOG:  duration: 0.125 ms  statement: BEGIN;
2026-10-06 16:04:13.185 UTC [5403] postgres@shop 6ac51bfc.151b 2/20 LOG:  duration: 0.883 ms  statement: SELECT id, name FROM customers WHERE country = 'TR' ORDER BY id LIMIT 3;
2026-10-06 16:04:13.204 UTC [5403] postgres@shop 6ac51bfc.151b 2/20 LOG:  duration: 19.198 ms  statement: SELECT count(*) FROM orders WHERE customer_id = 10;
2026-10-06 16:04:13.232 UTC [5403] postgres@shop 6ac51bfc.151b 2/20 LOG:  duration: 27.039 ms  statement: SELECT count(*) FROM orders WHERE customer_id = 20;
2026-10-06 16:04:13.248 UTC [5403] postgres@shop 6ac51bfc.151b 2/20 LOG:  duration: 15.054 ms  statement: SELECT count(*) FROM orders WHERE customer_id = 30;
2026-10-06 16:04:13.248 UTC [5403] postgres@shop 6ac51bfc.151b 2/0 LOG:  duration: 0.085 ms  statement: COMMIT;
2026-10-06 16:04:13.554 UTC [5403] postgres@shop 6ac51bfc.151b 2/0 LOG:  duration: 0.936 ms  statement: SELECT value FROM settings_kv WHERE key = 'key7';
2026-10-06 16:04:13.554 UTC [5403] postgres@shop 6ac51bfc.151b 2/0 LOG:  duration: 0.178 ms  statement: SELECT value FROM settings_kv WHERE key = 'key7';
2026-10-06 16:04:13.555 UTC [5403] postgres@shop 6ac51bfc.151b 2/0 LOG:  duration: 0.129 ms  statement: SELECT value FROM settings_kv WHERE key = 'key7';
2026-10-06 16:04:13.555 UTC [5403] postgres@shop 6ac51bfc.151b 2/0 LOG:  duration: 0.115 ms  statement: SELECT value FROM settings_kv WHERE key = 'key7';
2026-10-06 16:04:13.556 UTC [5403] postgres@shop 6ac51bfc.151b 2/0 LOG:  duration: 0.286 ms  statement: SELECT id, email FROM customers WHERE id = 4242;
2026-10-06 16:04:14.070 UTC [5394] LOG:  received fast shutdown request
2026-10-06 16:04:14.071 UTC [5394] LOG:  aborting any active transactions
2026-10-06 16:04:14.074 UTC [5394] LOG:  background worker "logical replication launcher" (PID 5400) exited with exit code 1
2026-10-06 16:04:14.075 UTC [5396] LOG:  shutting down
2026-10-06 16:04:14.075 UTC [5396] LOG:  checkpoint starting: shutdown immediate
2026-10-06 16:04:14.082 UTC [5396] LOG:  checkpoint complete: wrote 8 buffers (0.0%); 0 WAL file(s) added, 0 removed, 0 recycled; write=0.002 s, sync=0.002 s, total=0.008 s; sync files=6, longest=0.001 s, average=0.001 s; distance=13 kB, estimate=13 kB; lsn=0/129D2AF0, redo lsn=0/129D2AF0
2026-10-06 16:04:14.100 UTC [5394] LOG:  database system is shut down
