---
source: crates/explainsql-tui/tests/render.rs
expression: "frame(&mut app, 120, 40)"
---
36.7 ms. 49% of it in HashAggregate.
Planning 1.15 ms · Execution 36.7 ms · Buffers 1,421 pages, 100% from cache
 Plan · icicle by CPU time ───────────────────────────────────────────────────┌ Details ────────────────────────────────
▏HashAggregate 36.5 ms                                                        │HashAggregate
▏Append 18.4 ms                                                               │Time in node: 18.1 ms (49% of the
▏…▏…▏…▏…▏…▏…▏…▏…▏…▏…▏…▏…                                                      │runtime)
                                                                              │With children: 36.5 ms
                                                                              │Rows: 4 per loop
                                                                              │Estimate: 4 rows; cost 3821.00..3821.04,
                                                                              │width 14
                                                                              │Buffers: shared hit 1,421
                                                                              │Read by the node itself: 0 pages
                                                                              │Group Key: events.kind
                                                                              │Output: events.kind, count(*)
                                                                              │
                                                                              │HashAgg Batches: 1
                                                                              │Peak Memory Usage: 24
                                                                              │
                                                                              │
                                                                              │
                                                                              │
                                                                              │
                                                                              │
                                                                              │
                                                                              │
                                                                              │
                                                                              │
                                                                              │
                                                                              │
                                                                              │
                                                                              │
                                                                              │
                                                                              │
                                                                              │
                                                                              │
                                                                              │
                                                                              │
                                                                              │
                                                                              │
k/j parent, child  h/l along the row  Enter zoom in or out  g whole plan  F tree  ? help  q quit
