---
source: crates/explainsql-tui/tests/render.rs
expression: "frame(&mut app, 80, 24)"
---
11.0 ms. The plan has no per-node times (TIMING OFF). Seq Scan on orders reads
200,000 rows to keep 10.
Planning 0.378 ms · Execution 11.0 ms · Buffers 2,417 pages, 100% from cache
 Plan · icicle by estimated cost: no timing ────────────────────────────────────
▏Seq Scan on orders 4917

 Details ───────────────────────────────────────────────────────────────────────
Seq Scan on orders
Rows: 10 per loop
Estimate: 10 rows; cost 0.00..4917.00, width 64
Removed by filter: 199,990 per loop
Buffers: shared hit 2,417
Read by the node itself: 2,417 pages

Filter: (orders.customer_id = 4242)
Output: id, customer_id, status, created_at, amount, note

HIGH   ES001 Selective sequential scan
On Seq Scan on orders
Seq Scan on orders reads 200,000 rows to keep 10.
Rows kept: 10 of 200,000 (0.005%)
 Findings (1) │ Advice (1) · Tab to browse, f/i to switch ──────────────────────
HIGH   ES001 Selective sequential scan: Seq Scan on orders reads 200,000 rows t…
k/j parent, child  h/l along the row  Enter zoom in or out  g whole plan  F tree
