---
source: crates/explainsql-tui/tests/render.rs
expression: "frame(&mut app, 100, 30)"
---
369.3 ms. 51% of it in Seq Scan on order_items oi, which reads 3,000,000 rows over 10 loops, and the
join filter above keeps 14 of them.
Planning 0.526 ms · Execution 369.3 ms · Buffers 21,527 pages, 18% from cache
 Plan · time in ea┌ Keys ────────────────────────────────────────────────────────┐──────────────────
    Share     Time│ j k ↓ ↑     Move                                             │s Estimate Buffers
!     45% 167.8 ms│ PgDn PgUp   Move a page                                      │4       15       0
     3.3%  12.1 ms│ g G         First, last node                                 │0       10   2,417
!     51% 189.3 ms│ h l ← →     Fold, unfold (h on a leaf: go to its parent)     │0  300,000  19,110
 Details ─────────│ Enter Space Fold or unfold                                   │──────────────────
Nested Loop       │ /           Search node names and conditions                 │
Time in node: 167.│ n N         Next, previous match                             │
With children: 369│ 1 … 9       Go to the slowest nodes                          │
Rows: 14 per loop │ f i         Show the findings, the advice                    │
Estimate: 15 rows;│ Tab         Switch between the plan and the list             │
Removed by join fi│ Enter       In the list: go to the node                      │
Buffers: shared hi│ c           Copy the suggested CREATE INDEX                  │
Read by the node i│ x           Time in the node, or including its children      │
                  │ w           Wall-clock or CPU time (parallel plans)          │
Join Filter: (o.id│ b           Time or buffers                                  │
Output: o.id, oi.p│ J K         Scroll the details                               │
                  │ r e         Connected: run again, edit the statement         │
HIGH   ES005 Expen│ t           Connected: test the suggested index              │
On Nested Loop    │ Esc         Connected: cancel a run                          │
Nested Loop repeat│ ?           This help                                        │p's time.
Inner loops: 10   │ q Esc       Quit                                             │
Inner side per loo│             Any key closes this help.                        │
 Findings (2) │ Ad└──────────────────────────────────────────────────────────────┘──────────────────
HIGH   ES001 Selective sequential scan: Seq Scan on order_items oi reads 3,000,000 rows over 10 loo…
HIGH   ES005 Expensive nested-loop inner side: Nested Loop repeats Seq Scan on order_items oi 10 ti…
j/k move  h/l fold  / search  1-9 hotspots  Tab list  i advice  ? help  q quit
